------------------------------------------------------------
TimeQuest Timing Analyzer Summary
------------------------------------------------------------

Type  : Slow Model Setup 'vitesse:inst|clk_out'
Slack : -4.528
TNS   : -217.000

Type  : Slow Model Setup 'clock_50'
Slack : -3.644
TNS   : -92.554

Type  : Slow Model Hold 'clock_50'
Slack : -2.703
TNS   : -2.703

Type  : Slow Model Hold 'vitesse:inst|clk_out'
Slack : 0.445
TNS   : 0.000

Type  : Slow Model Minimum Pulse Width 'clock_50'
Slack : -1.631
TNS   : -34.625

Type  : Slow Model Minimum Pulse Width 'vitesse:inst|clk_out'
Slack : -0.611
TNS   : -118.534

Type  : Fast Model Setup 'vitesse:inst|clk_out'
Slack : -1.244
TNS   : -33.157

Type  : Fast Model Setup 'clock_50'
Slack : -0.836
TNS   : -20.264

Type  : Fast Model Hold 'clock_50'
Slack : -1.730
TNS   : -1.730

Type  : Fast Model Hold 'vitesse:inst|clk_out'
Slack : 0.215
TNS   : 0.000

Type  : Fast Model Minimum Pulse Width 'clock_50'
Slack : -1.380
TNS   : -28.380

Type  : Fast Model Minimum Pulse Width 'vitesse:inst|clk_out'
Slack : -0.500
TNS   : -97.000

------------------------------------------------------------
